load("@rules_vite//private/helpers:js_library.bzl", "js_library")
exports_files(glob(["components/**"]))
exports_files(["BUILD.bazel"], ["//visibility:public"])
filegroup(name = "all_files", srcs = glob(["components/**"]), visibility = ["//visibility:public"])
js_library(name = "button", srcs = ["components/ui/button.tsx"], visibility = ["//visibility:public"])
js_library(name = "card", srcs = ["components/ui/card.tsx"], visibility = ["//visibility:public"])
js_library(name = "input", srcs = ["components/ui/input.tsx"], visibility = ["//visibility:public"])
